2026-03-03T19:04:37+00:00 CALLED event=DIAG_TEST
2026-03-03T19:04:37+00:00 event=DIAG_TEST recipient=joarguer@gmail.com
2026-03-03T19:04:37+00:00 event=DIAG_TEST subject=MedTravel diagnostic email
2026-03-03T19:04:37+00:00 event=DIAG_TEST result=true
2026-03-03T19:06:09+00:00 CALLED event=INTERACTION
2026-03-03T19:06:09+00:00 event=INTERACTION recipient=patientcare@medtravel.com.co
2026-03-03T19:06:09+00:00 event=INTERACTION subject=MedTravel update - Client uploaded a document for Request #4
2026-03-03T19:06:09+00:00 event=INTERACTION result=true
2026-03-03T19:06:09+00:00 CALLED event=INTERACTION
2026-03-03T19:06:09+00:00 event=INTERACTION recipient=bolsacarga@gmail.com
2026-03-03T19:06:09+00:00 event=INTERACTION subject=MedTravel update - Client uploaded a document for Request #4
2026-03-03T19:06:09+00:00 event=INTERACTION result=true
2026-03-03T19:07:02+00:00 CALLED event=INTERACTION
2026-03-03T19:07:02+00:00 event=INTERACTION recipient=patientcare@medtravel.com.co
2026-03-03T19:07:02+00:00 event=INTERACTION subject=MedTravel update - Client uploaded a document for Request #4
2026-03-03T19:07:02+00:00 event=INTERACTION result=true
2026-03-03T19:07:02+00:00 CALLED event=INTERACTION
2026-03-03T19:07:02+00:00 event=INTERACTION recipient=bolsacarga@gmail.com
2026-03-03T19:07:02+00:00 event=INTERACTION subject=MedTravel update - Client uploaded a document for Request #4
2026-03-03T19:07:02+00:00 event=INTERACTION result=true
2026-03-03T19:28:55+00:00 ADMIN_SEND_QUICK_REPLY_ENTER request_id=4 item_id=7 thread_type=ITEM actor=PROVIDER
2026-03-03T19:28:55+00:00 ADMIN_NOTIFY_CLIENT_START resolved_email=colfecarga@gmail.com source=booking_requests.email
2026-03-03T19:28:55+00:00 CALLED event=INTERACTION
2026-03-03T19:28:55+00:00 event=INTERACTION recipient=colfecarga@gmail.com
2026-03-03T19:28:55+00:00 event=INTERACTION subject=MedTravel – New message from your coordinator (Request #4)
2026-03-03T19:28:56+00:00 event=INTERACTION result=true
2026-03-03T19:28:56+00:00 ADMIN_NOTIFY_CLIENT_DONE result=true
2026-03-03T19:33:22+00:00 ADMIN_SEND_QUICK_REPLY_ENTER request_id=4 item_id=7 thread_type=ITEM actor=PROVIDER
2026-03-03T19:33:22+00:00 ADMIN_NOTIFY_CLIENT_START resolved_email=colfecarga@gmail.com source=booking_requests.email
2026-03-03T19:33:22+00:00 CALLED event=INTERACTION
2026-03-03T19:33:22+00:00 event=INTERACTION recipient=colfecarga@gmail.com
2026-03-03T19:33:22+00:00 event=INTERACTION subject=MedTravel – A message from your provider (Request #4)
2026-03-03T19:33:23+00:00 event=INTERACTION result=true
2026-03-03T19:33:23+00:00 ADMIN_NOTIFY_CLIENT_DONE result=true
2026-03-03T19:41:14+00:00 ADMIN_SEND_QUICK_REPLY_ENTER request_id=4 item_id=7 thread_type=ITEM actor=PROVIDER
2026-03-03T19:41:14+00:00 ADMIN_NOTIFY_CLIENT_START resolved_email=colfecarga@gmail.com source=booking_requests.email
2026-03-03T19:41:14+00:00 CALLED event=INTERACTION
2026-03-03T19:41:14+00:00 event=INTERACTION recipient=colfecarga@gmail.com
2026-03-03T19:41:14+00:00 event=INTERACTION subject=MedTravel – A message from your provider (Request #4)
2026-03-03T19:41:14+00:00 event=INTERACTION result=true
2026-03-03T19:41:14+00:00 ADMIN_NOTIFY_CLIENT_DONE result=true
